// Jest Snapshot v1, https://goo.gl/fbAQLP

exports[`renders correctly 1`] = `
<View
  accessible={true}
  focusable={false}
  onClick={[Function]}
  onResponderGrant={[Function]}
  onResponderMove={[Function]}
  onResponderRelease={[Function]}
  onResponderTerminate={[Function]}
  onResponderTerminationRequest={[Function]}
  onStartShouldSetResponder={[Function]}
  style={
    Object {
      "alignItems": "center",
      "alignSelf": "center",
      "backgroundColor": "#297FB8",
      "borderRadius": 8,
      "height": 31,
      "justifyContent": "center",
      "marginTop": 440,
      "opacity": 1,
      "width": 138,
    }
  }
>
  <Text
    bigSmall={true}
    style={
      Array [
        Object {
          "color": "#ffffff",
          "fontFamily": "Roboto",
          "fontSize": 16,
        },
      ]
    }
    white={true}
  />
</View>
`;
