// Jest Snapshot v1, https://goo.gl/fbAQLP

exports[`Testing SwitchFilter Component Component should be render 1`] = `
<View
  style={
    Array [
      Object {
        "width": 190,
      },
    ]
  }
>
  <View
    style={
      Array [
        Object {
          "flexDirection": "row",
        },
        Object {},
      ]
    }
  >
    <View
      onMoveShouldSetResponder={[Function]}
      onMoveShouldSetResponderCapture={[Function]}
      onResponderEnd={[Function]}
      onResponderGrant={[Function]}
      onResponderMove={[Function]}
      onResponderReject={[Function]}
      onResponderRelease={[Function]}
      onResponderStart={[Function]}
      onResponderTerminate={[Function]}
      onResponderTerminationRequest={[Function]}
      onStartShouldSetResponder={[Function]}
      onStartShouldSetResponderCapture={[Function]}
      style={
        Object {
          "flex": 1,
        }
      }
    >
      <View
        onLayout={[Function]}
        style={
          Object {
            "backgroundColor": "#FFFFFF",
            "borderRadius": 10,
            "height": 49,
          }
        }
      >
        <View
          style={
            Object {
              "alignItems": "center",
              "borderColor": "#C9C9C9",
              "borderRadius": 10,
              "borderWidth": 0,
              "flex": 1,
              "flexDirection": "row",
            }
          }
        >
          <View
            accessible={true}
            focusable={true}
            onClick={[Function]}
            onResponderGrant={[Function]}
            onResponderMove={[Function]}
            onResponderRelease={[Function]}
            onResponderTerminate={[Function]}
            onResponderTerminationRequest={[Function]}
            onStartShouldSetResponder={[Function]}
            style={
              Object {
                "alignItems": "center",
                "flex": 1,
                "flexDirection": "row",
                "justifyContent": "center",
                "opacity": 1,
              }
            }
          >
            <Text
              style={
                Array [
                  Object {
                    "backgroundColor": "transparent",
                    "color": "#ffffff",
                    "fontSize": 12,
                    "fontWeight": "normal",
                    "textAlign": "center",
                  },
                  Object {},
                ]
              }
            >
              Online
            </Text>
          </View>
          <View
            accessible={true}
            focusable={true}
            onClick={[Function]}
            onResponderGrant={[Function]}
            onResponderMove={[Function]}
            onResponderRelease={[Function]}
            onResponderTerminate={[Function]}
            onResponderTerminationRequest={[Function]}
            onStartShouldSetResponder={[Function]}
            style={
              Object {
                "alignItems": "center",
                "flex": 1,
                "flexDirection": "row",
                "justifyContent": "center",
                "opacity": 1,
              }
            }
          >
            <Text
              style={
                Array [
                  Object {
                    "backgroundColor": "transparent",
                    "color": "black",
                    "fontSize": 12,
                    "fontWeight": "normal",
                    "textAlign": "center",
                  },
                  Object {},
                ]
              }
            >
              Presencial
            </Text>
          </View>
        </View>
      </View>
    </View>
  </View>
</View>
`;
