// Jest Snapshot v1, https://goo.gl/fbAQLP

exports[`Testing StudentAvaliation Should matches snapshot 1`] = `
<View
  style={
    Array [
      Object {
        "alignItems": "center",
        "backgroundColor": "#184E79",
        "flexBasis": 0,
        "flexGrow": 1,
        "flexShrink": 1,
        "justifyContent": "center",
      },
    ]
  }
  testID="background"
>
  <View
    style={
      Array [
        Object {
          "alignItems": "center",
          "backgroundColor": "#184E79",
          "flexBasis": 0,
          "flexGrow": 0.7,
          "flexShrink": 1,
          "justifyContent": "center",
          "width": "100%",
        },
      ]
    }
  >
    <View
      style={
        Array [
          Object {
            "alignItems": "center",
            "flexBasis": 0,
            "flexGrow": 1,
            "flexShrink": 1,
            "marginBottom": "8.4%",
          },
        ]
      }
    >
      <Image
        source={
          Object {
            "testUri": "../../../src/assets/logo.png",
          }
        }
        style={
          Array [
            Object {
              "flexBasis": 0,
              "flexGrow": 2,
              "flexShrink": 1,
              "height": 120,
              "width": 120,
            },
          ]
        }
      />
      <View
        style={
          Array [
            Object {
              "alignItems": "center",
              "backgroundColor": "#ffffff",
              "borderRadius": 100,
              "flexBasis": 0,
              "flexGrow": 1.2,
              "flexShrink": 1,
              "height": 58,
              "justifyContent": "center",
              "marginTop": "5.5%",
              "width": 58,
            },
          ]
        }
      >
        <Image
          source={
            Object {
              "testUri": "../../../src/assets/user_blue.png",
            }
          }
          style={
            Array [
              Object {
                "height": "63%",
                "width": "52%",
              },
            ]
          }
        />
      </View>
      <View
        style={
          Array [
            Object {
              "flexBasis": 0,
              "flexGrow": 0.8,
              "flexShrink": 1,
              "justifyContent": "center",
              "marginTop": "5%",
              "paddingTop": "1%",
            },
          ]
        }
      >
        <View
          marginTop={
            Object {
              "value": "2%",
            }
          }
          style={
            Array [
              Object {
                "marginBottom": 0,
                "marginTop": "2%",
              },
            ]
          }
        >
          <Text
            bigMedium={true}
            style={
              Array [
                Object {
                  "color": "#ffffff",
                  "fontFamily": "Roboto",
                  "fontSize": 30,
                  "textAlign": "center",
                },
              ]
            }
            white={true}
          >
             
          </Text>
        </View>
        <View
          marginTop={
            Object {
              "value": "2%",
            }
          }
          style={
            Array [
              Object {
                "marginBottom": 0,
                "marginTop": "2%",
              },
            ]
          }
        >
          <Text
            smallMedium={true}
            style={
              Array [
                Object {
                  "color": "#ffffff",
                  "fontFamily": "Roboto",
                  "fontSize": 20,
                  "textAlign": "center",
                },
              ]
            }
            white={true}
          />
        </View>
      </View>
    </View>
  </View>
  <View
    style={
      Array [
        Object {
          "alignItems": "center",
          "backgroundColor": "#ffffff",
          "borderTopLeftRadius": 20,
          "borderTopRightRadius": 20,
          "flexBasis": 0,
          "flexGrow": 1,
          "flexShrink": 1,
          "justifyContent": "center",
          "width": "100%",
        },
      ]
    }
  >
    <View
      style={
        Array [
          Object {
            "alignItems": "center",
            "flexBasis": 0,
            "flexGrow": 1,
            "flexShrink": 1,
            "justifyContent": "center",
            "width": "100%",
          },
        ]
      }
    >
      <TextInput
        allowFontScaling={true}
        defaultValue=""
        editable={true}
        maxLength={280}
        multiline={true}
        onChangeText={[Function]}
        placeholder="Insira um comentário"
        placeholderTextColor="#F6F6F6"
        rejectResponderTermination={true}
        style={
          Array [
            Object {
              "alignSelf": "center",
              "backgroundColor": "#E46270",
              "borderRadius": 20,
              "color": "#ffffff",
              "height": "56%",
              "marginTop": "18%",
              "textAlign": "center",
              "width": "85%",
            },
          ]
        }
        testID="RedComment"
        textAlign="center"
        underlineColorAndroid="transparent"
      />
      <View
        accessible={true}
        focusable={true}
        onClick={[Function]}
        onResponderGrant={[Function]}
        onResponderMove={[Function]}
        onResponderRelease={[Function]}
        onResponderTerminate={[Function]}
        onResponderTerminationRequest={[Function]}
        onStartShouldSetResponder={[Function]}
        style={
          Object {
            "alignContent": "center",
            "alignSelf": "center",
            "backgroundColor": "#184E79",
            "borderRadius": 20,
            "height": "15%",
            "justifyContent": "center",
            "marginBottom": "8%",
            "marginTop": "8%",
            "opacity": 1,
            "width": "50%",
          }
        }
        testID="Submit"
      >
        <View
          style={
            Array [
              Object {
                "marginBottom": 0,
                "marginTop": 0,
              },
            ]
          }
        >
          <Text
            medium={true}
            style={
              Array [
                Object {
                  "color": "#ffffff",
                  "fontFamily": "Roboto",
                  "fontSize": 25,
                  "textAlign": "center",
                },
              ]
            }
            white={true}
          >
            Enviar Avaliação
          </Text>
        </View>
      </View>
    </View>
  </View>
</View>
`;
