// Jest Snapshot v1, https://goo.gl/fbAQLP

exports[`Testing TeacherClassDetails page Should renders page when timer is out 1`] = `
<View
  style={
    Array [
      Object {
        "alignItems": "center",
        "backgroundColor": "#184E79",
        "flexBasis": 0,
        "flexGrow": 1,
        "flexShrink": 1,
        "justifyContent": "center",
      },
    ]
  }
  testID="background"
>
  <View
    style={
      Array [
        Object {
          "alignItems": "center",
          "backgroundColor": "#184E79",
          "flexBasis": 0,
          "flexGrow": 0.7,
          "flexShrink": 1,
          "justifyContent": "center",
          "width": "100%",
        },
      ]
    }
  >
    <View
      style={
        Array [
          Object {
            "alignItems": "center",
            "flexBasis": 0,
            "flexGrow": 1,
            "flexShrink": 1,
            "marginBottom": "8.4%",
          },
        ]
      }
    >
      <Image
        source={
          Object {
            "testUri": "../../../src/assets/logo.png",
          }
        }
        style={
          Array [
            Object {
              "flexBasis": 0,
              "flexGrow": 2,
              "flexShrink": 1,
              "height": 120,
              "width": 120,
            },
          ]
        }
      />
      <View
        style={
          Array [
            Object {
              "alignItems": "center",
              "backgroundColor": "#ffffff",
              "borderRadius": 100,
              "flexBasis": 0,
              "flexGrow": 1.2,
              "flexShrink": 1,
              "height": 58,
              "justifyContent": "center",
              "marginTop": "5.5%",
              "width": 58,
            },
          ]
        }
      >
        <Image
          source={
            Object {
              "testUri": "../../../src/assets/user_blue.png",
            }
          }
          style={
            Array [
              Object {
                "height": "63%",
                "width": "52%",
              },
            ]
          }
        />
      </View>
      <View
        style={
          Array [
            Object {
              "flexBasis": 0,
              "flexGrow": 0.8,
              "flexShrink": 1,
              "justifyContent": "center",
              "marginTop": "5%",
              "paddingTop": "1%",
            },
          ]
        }
      >
        <View
          marginTop={
            Object {
              "value": "2%",
            }
          }
          style={
            Array [
              Object {
                "marginBottom": 0,
                "marginTop": "2%",
              },
            ]
          }
        >
          <Text
            bigMedium={true}
            style={
              Array [
                Object {
                  "color": "#ffffff",
                  "fontFamily": "Roboto",
                  "fontSize": 30,
                  "textAlign": "center",
                },
              ]
            }
            white={true}
          >
             
          </Text>
        </View>
        <View
          marginTop={
            Object {
              "value": "2%",
            }
          }
          style={
            Array [
              Object {
                "marginBottom": 0,
                "marginTop": "2%",
              },
            ]
          }
        >
          <Text
            smallMedium={true}
            style={
              Array [
                Object {
                  "color": "#ffffff",
                  "fontFamily": "Roboto",
                  "fontSize": 20,
                  "textAlign": "center",
                },
              ]
            }
            white={true}
          />
        </View>
      </View>
    </View>
  </View>
  <View
    style={
      Array [
        Object {
          "alignItems": "center",
          "backgroundColor": "#ffffff",
          "borderTopLeftRadius": 20,
          "borderTopRightRadius": 20,
          "flexBasis": 0,
          "flexGrow": 1,
          "flexShrink": 1,
          "justifyContent": "center",
          "width": "100%",
        },
      ]
    }
  >
    <View
      style={
        Array [
          Object {
            "alignItems": "center",
            "flexBasis": 0,
            "flexGrow": 1,
            "flexShrink": 1,
            "justifyContent": "center",
            "width": "100%",
          },
        ]
      }
    >
      <View
        style={
          Array [
            Object {
              "flexBasis": 0,
              "flexDirection": "row",
              "flexGrow": 1,
              "flexShrink": 1,
              "height": "10%",
              "justifyContent": "space-around",
              "marginBottom": "5%",
              "marginLeft": "5%",
              "marginRight": "5%",
              "marginTop": "5%",
              "width": "100%",
            },
          ]
        }
      >
        <View
          style={
            Array [
              Object {
                "alignItems": "center",
                "flexBasis": 0,
                "flexDirection": "column",
                "flexGrow": 0.8,
                "flexShrink": 1,
                "justifyContent": "center",
              },
            ]
          }
        >
          <View
            marginBot={
              Object {
                "value": "1%",
              }
            }
            marginTop={
              Object {
                "value": "2%",
              }
            }
            style={
              Array [
                Object {
                  "marginBottom": "1%",
                  "marginTop": "2%",
                },
              ]
            }
          >
            <Text
              black={true}
              smallMedium={true}
              style={
                Array [
                  Object {
                    "color": "black",
                    "fontFamily": "Roboto",
                    "fontSize": 20,
                    "textAlign": "center",
                  },
                ]
              }
            >
              Disciplina
            </Text>
          </View>
          <View
            medium={true}
            style={
              Array [
                Object {
                  "alignItems": "center",
                  "backgroundColor": "#E46270",
                  "borderRadius": 15,
                  "height": 40,
                  "justifyContent": "center",
                  "textAlign": "center",
                  "width": 196,
                },
              ]
            }
          >
            <Text
              small={true}
              style={
                Array [
                  Object {
                    "color": "#ffffff",
                    "fontFamily": "Roboto",
                    "fontSize": 14,
                    "textAlign": "center",
                  },
                ]
              }
              white={true}
            >
              
            </Text>
          </View>
        </View>
        <View
          style={
            Array [
              Object {
                "alignItems": "center",
                "flexBasis": 0,
                "flexDirection": "column",
                "flexGrow": 0.8,
                "flexShrink": 1,
                "justifyContent": "center",
              },
            ]
          }
        >
          <View
            marginBot={
              Object {
                "value": "1%",
              }
            }
            marginTop={
              Object {
                "value": "2%",
              }
            }
            style={
              Array [
                Object {
                  "marginBottom": "1%",
                  "marginTop": "2%",
                },
              ]
            }
          >
            <Text
              black={true}
              smallMedium={true}
              style={
                Array [
                  Object {
                    "color": "black",
                    "fontFamily": "Roboto",
                    "fontSize": 20,
                    "textAlign": "center",
                  },
                ]
              }
            >
              Inicio
            </Text>
          </View>
          <View
            medium={true}
            style={
              Array [
                Object {
                  "alignItems": "center",
                  "backgroundColor": "#E46270",
                  "borderRadius": 15,
                  "height": 40,
                  "justifyContent": "center",
                  "textAlign": "center",
                  "width": 196,
                },
              ]
            }
          >
            <Text
              small={true}
              style={
                Array [
                  Object {
                    "color": "#ffffff",
                    "fontFamily": "Roboto",
                    "fontSize": 14,
                    "textAlign": "center",
                  },
                ]
              }
              white={true}
            >
              16:00
            </Text>
          </View>
        </View>
      </View>
      <View
        style={
          Array [
            Object {
              "flexBasis": 0,
              "flexDirection": "row",
              "flexGrow": 1,
              "flexShrink": 1,
              "height": "10%",
              "justifyContent": "space-around",
              "marginBottom": "5%",
              "marginLeft": "5%",
              "marginRight": "5%",
              "marginTop": "5%",
              "width": "100%",
            },
          ]
        }
      >
        <View
          style={
            Array [
              Object {
                "alignItems": "center",
                "flexBasis": 0,
                "flexDirection": "column",
                "flexGrow": 0.8,
                "flexShrink": 1,
                "justifyContent": "center",
              },
            ]
          }
        >
          <View
            marginBot={
              Object {
                "value": "1%",
              }
            }
            marginTop={
              Object {
                "value": "2%",
              }
            }
            style={
              Array [
                Object {
                  "marginBottom": "1%",
                  "marginTop": "2%",
                },
              ]
            }
          >
            <Text
              black={true}
              smallMedium={true}
              style={
                Array [
                  Object {
                    "color": "black",
                    "fontFamily": "Roboto",
                    "fontSize": 20,
                    "textAlign": "center",
                  },
                ]
              }
            >
              Duração
            </Text>
          </View>
          <View
            medium={true}
            style={
              Array [
                Object {
                  "alignItems": "center",
                  "backgroundColor": "#E46270",
                  "borderRadius": 15,
                  "height": 40,
                  "justifyContent": "center",
                  "textAlign": "center",
                  "width": 196,
                },
              ]
            }
          >
            <Text
              small={true}
              style={
                Array [
                  Object {
                    "color": "#ffffff",
                    "fontFamily": "Roboto",
                    "fontSize": 14,
                    "textAlign": "center",
                  },
                ]
              }
              white={true}
            >
               Hora
            </Text>
          </View>
        </View>
        <View
          style={
            Array [
              Object {
                "alignItems": "center",
                "flexBasis": 0,
                "flexDirection": "column",
                "flexGrow": 0.8,
                "flexShrink": 1,
                "justifyContent": "center",
              },
            ]
          }
        >
          <View
            marginBot={
              Object {
                "value": "1%",
              }
            }
            marginTop={
              Object {
                "value": "2%",
              }
            }
            style={
              Array [
                Object {
                  "marginBottom": "1%",
                  "marginTop": "2%",
                },
              ]
            }
          >
            <Text
              black={true}
              smallMedium={true}
              style={
                Array [
                  Object {
                    "color": "black",
                    "fontFamily": "Roboto",
                    "fontSize": 20,
                    "textAlign": "center",
                  },
                ]
              }
            >
              Modalidade
            </Text>
          </View>
          <View
            medium={true}
            style={
              Array [
                Object {
                  "alignItems": "center",
                  "backgroundColor": "#E46270",
                  "borderRadius": 15,
                  "height": 40,
                  "justifyContent": "center",
                  "textAlign": "center",
                  "width": 196,
                },
              ]
            }
          >
            <Text
              small={true}
              style={
                Array [
                  Object {
                    "color": "#ffffff",
                    "fontFamily": "Roboto",
                    "fontSize": 14,
                    "textAlign": "center",
                  },
                ]
              }
              white={true}
            >
              Presencial
            </Text>
          </View>
        </View>
      </View>
      <View
        marginBot={
          Object {
            "value": "0%",
          }
        }
        marginTop={
          Object {
            "value": "2%",
          }
        }
        style={
          Array [
            Object {
              "marginBottom": "0%",
              "marginTop": "2%",
            },
          ]
        }
      >
        <Text
          black={true}
          smallMedium={true}
          style={
            Array [
              Object {
                "color": "black",
                "fontFamily": "Roboto",
                "fontSize": 20,
                "textAlign": "center",
              },
            ]
          }
        >
          Observação
        </Text>
      </View>
      <View
        style={
          Array [
            Object {
              "alignItems": "center",
              "backgroundColor": "#E46270",
              "borderRadius": 15,
              "height": 60,
              "justifyContent": "center",
              "textAlign": "center",
              "width": 280,
            },
          ]
        }
      >
        <Text
          small={true}
          style={
            Array [
              Object {
                "color": "#ffffff",
                "fontFamily": "Roboto",
                "fontSize": 14,
                "textAlign": "center",
              },
            ]
          }
          white={true}
        >
          Não informado
        </Text>
      </View>
      <View
        style={
          Array [
            Object {
              "alignItems": "center",
              "flexBasis": 0,
              "flexGrow": 5,
              "flexShrink": 1,
              "height": "5%",
              "justifyContent": "center",
              "marginBottom": "-5%",
              "paddingBottom": "3%",
              "paddingLeft": "3%",
              "paddingRight": "3%",
              "paddingTop": "3%",
              "width": "100%",
            },
          ]
        }
      >
        <View
          marginBot={
            Object {
              "value": "1%",
            }
          }
          marginTop={
            Object {
              "value": "-3%",
            }
          }
          style={
            Array [
              Object {
                "marginBottom": "1%",
                "marginTop": "-3%",
              },
            ]
          }
        >
          <Text
            black={true}
            smallMedium={true}
            style={
              Array [
                Object {
                  "color": "black",
                  "fontFamily": "Roboto",
                  "fontSize": 20,
                  "textAlign": "center",
                },
              ]
            }
          >
            Endereço
          </Text>
        </View>
        <View
          style={
            Array [
              Object {
                "alignItems": "center",
                "backgroundColor": "#E46270",
                "borderRadius": 15,
                "height": 60,
                "justifyContent": "center",
                "textAlign": "center",
                "width": 280,
              },
            ]
          }
        >
          <Text
            small={true}
            style={
              Array [
                Object {
                  "color": "#ffffff",
                  "fontFamily": "Roboto",
                  "fontSize": 14,
                  "textAlign": "center",
                },
              ]
            }
            white={true}
          >
             n°: , 
 - 
          </Text>
        </View>
        <View
          style={
            Array [
              Object {
                "flexBasis": 0,
                "flexDirection": "row",
                "flexGrow": 1,
                "flexShrink": 1,
                "justifyContent": "center",
                "marginBottom": "1.5%",
                "marginTop": "1.5%",
              },
            ]
          }
        >
          <View
            accessible={true}
            focusable={true}
            onClick={[Function]}
            onResponderGrant={[Function]}
            onResponderMove={[Function]}
            onResponderRelease={[Function]}
            onResponderTerminate={[Function]}
            onResponderTerminationRequest={[Function]}
            onStartShouldSetResponder={[Function]}
            style={
              Object {
                "alignItems": "center",
                "backgroundColor": "#297FB8",
                "borderRadius": 5,
                "height": 37,
                "justifyContent": "center",
                "marginBottom": "1%",
                "marginLeft": "1%",
                "marginRight": "1%",
                "marginTop": "1%",
                "opacity": 1,
                "width": 93,
              }
            }
          >
            <Text
              bigSmall={true}
              style={
                Array [
                  Object {
                    "color": "#ffffff",
                    "fontFamily": "Roboto",
                    "fontSize": 16,
                    "textAlign": "center",
                  },
                ]
              }
              white={true}
            >
              Chat
            </Text>
          </View>
          <View
            accessible={true}
            focusable={true}
            onClick={[Function]}
            onResponderGrant={[Function]}
            onResponderMove={[Function]}
            onResponderRelease={[Function]}
            onResponderTerminate={[Function]}
            onResponderTerminationRequest={[Function]}
            onStartShouldSetResponder={[Function]}
            style={
              Object {
                "alignItems": "center",
                "backgroundColor": "#7ED957",
                "borderRadius": 5,
                "height": 37,
                "justifyContent": "center",
                "marginBottom": "1%",
                "marginLeft": "1%",
                "marginRight": "1%",
                "marginTop": "1%",
                "opacity": 1,
                "width": 118,
              }
            }
            testID="StartButton"
          >
            <Text
              bigSmall={true}
              style={
                Array [
                  Object {
                    "color": "#ffffff",
                    "fontFamily": "Roboto",
                    "fontSize": 16,
                    "textAlign": "center",
                  },
                ]
              }
              white={true}
            >
              Iniciar
            </Text>
          </View>
          <View
            accessible={true}
            focusable={true}
            onClick={[Function]}
            onResponderGrant={[Function]}
            onResponderMove={[Function]}
            onResponderRelease={[Function]}
            onResponderTerminate={[Function]}
            onResponderTerminationRequest={[Function]}
            onStartShouldSetResponder={[Function]}
            style={
              Object {
                "alignItems": "center",
                "backgroundColor": "#297FB8",
                "borderRadius": 5,
                "height": 37,
                "justifyContent": "center",
                "marginBottom": "1%",
                "marginLeft": "1%",
                "marginRight": "1%",
                "marginTop": "1%",
                "opacity": 1,
                "width": 93,
              }
            }
          >
            <Text
              bigSmall={true}
              style={
                Array [
                  Object {
                    "color": "#ffffff",
                    "fontFamily": "Roboto",
                    "fontSize": 16,
                    "textAlign": "center",
                  },
                ]
              }
              white={true}
            >
              Rota
            </Text>
          </View>
        </View>
      </View>
    </View>
  </View>
</View>
`;

exports[`Testing TeacherClassDetails page Should renders page when timer is up 1`] = `
<View
  style={
    Array [
      Object {
        "alignItems": "center",
        "backgroundColor": "#184E79",
        "flexBasis": 0,
        "flexGrow": 1,
        "flexShrink": 1,
        "justifyContent": "center",
      },
    ]
  }
  testID="background"
>
  <View
    style={
      Array [
        Object {
          "alignItems": "center",
          "backgroundColor": "#184E79",
          "flexBasis": 0,
          "flexGrow": 0.7,
          "flexShrink": 1,
          "justifyContent": "center",
          "width": "100%",
        },
      ]
    }
  >
    <View
      style={
        Array [
          Object {
            "alignItems": "center",
            "flexBasis": 0,
            "flexGrow": 1,
            "flexShrink": 1,
            "marginBottom": "8.4%",
          },
        ]
      }
    >
      <Image
        source={
          Object {
            "testUri": "../../../src/assets/logo.png",
          }
        }
        style={
          Array [
            Object {
              "flexBasis": 0,
              "flexGrow": 2,
              "flexShrink": 1,
              "height": 120,
              "width": 120,
            },
          ]
        }
      />
      <View
        style={
          Array [
            Object {
              "alignItems": "center",
              "backgroundColor": "#ffffff",
              "borderRadius": 100,
              "flexBasis": 0,
              "flexGrow": 1.2,
              "flexShrink": 1,
              "height": 58,
              "justifyContent": "center",
              "marginTop": "5.5%",
              "width": 58,
            },
          ]
        }
      >
        <Image
          source={
            Object {
              "testUri": "../../../src/assets/user_blue.png",
            }
          }
          style={
            Array [
              Object {
                "height": "63%",
                "width": "52%",
              },
            ]
          }
        />
      </View>
      <View
        style={
          Array [
            Object {
              "flexBasis": 0,
              "flexGrow": 0.8,
              "flexShrink": 1,
              "justifyContent": "center",
              "marginTop": "5%",
              "paddingTop": "1%",
            },
          ]
        }
      >
        <View
          marginTop={
            Object {
              "value": "2%",
            }
          }
          style={
            Array [
              Object {
                "marginBottom": 0,
                "marginTop": "2%",
              },
            ]
          }
        >
          <Text
            bigMedium={true}
            style={
              Array [
                Object {
                  "color": "#ffffff",
                  "fontFamily": "Roboto",
                  "fontSize": 30,
                  "textAlign": "center",
                },
              ]
            }
            white={true}
          >
             
          </Text>
        </View>
        <View
          marginTop={
            Object {
              "value": "2%",
            }
          }
          style={
            Array [
              Object {
                "marginBottom": 0,
                "marginTop": "2%",
              },
            ]
          }
        >
          <Text
            smallMedium={true}
            style={
              Array [
                Object {
                  "color": "#ffffff",
                  "fontFamily": "Roboto",
                  "fontSize": 20,
                  "textAlign": "center",
                },
              ]
            }
            white={true}
          />
        </View>
      </View>
    </View>
  </View>
  <View
    style={
      Array [
        Object {
          "alignItems": "center",
          "backgroundColor": "#ffffff",
          "borderTopLeftRadius": 20,
          "borderTopRightRadius": 20,
          "flexBasis": 0,
          "flexGrow": 1,
          "flexShrink": 1,
          "justifyContent": "center",
          "width": "100%",
        },
      ]
    }
  >
    <View
      style={
        Array [
          Object {
            "alignItems": "center",
            "flexBasis": 0,
            "flexGrow": 1,
            "flexShrink": 1,
            "justifyContent": "center",
            "width": "100%",
          },
        ]
      }
    >
      <View
        style={
          Array [
            Object {
              "flexBasis": 0,
              "flexDirection": "row",
              "flexGrow": 1,
              "flexShrink": 1,
              "height": "10%",
              "justifyContent": "space-around",
              "marginBottom": "5%",
              "marginLeft": "5%",
              "marginRight": "5%",
              "marginTop": "5%",
              "width": "100%",
            },
          ]
        }
      >
        <View
          style={
            Array [
              Object {
                "alignItems": "center",
                "flexBasis": 0,
                "flexDirection": "column",
                "flexGrow": 0.8,
                "flexShrink": 1,
                "justifyContent": "center",
              },
            ]
          }
        >
          <View
            marginBot={
              Object {
                "value": "1%",
              }
            }
            marginTop={
              Object {
                "value": "2%",
              }
            }
            style={
              Array [
                Object {
                  "marginBottom": "1%",
                  "marginTop": "2%",
                },
              ]
            }
          >
            <Text
              black={true}
              smallMedium={true}
              style={
                Array [
                  Object {
                    "color": "black",
                    "fontFamily": "Roboto",
                    "fontSize": 20,
                    "textAlign": "center",
                  },
                ]
              }
            >
              Disciplina
            </Text>
          </View>
          <View
            medium={true}
            style={
              Array [
                Object {
                  "alignItems": "center",
                  "backgroundColor": "#E46270",
                  "borderRadius": 15,
                  "height": 40,
                  "justifyContent": "center",
                  "textAlign": "center",
                  "width": 196,
                },
              ]
            }
          >
            <Text
              small={true}
              style={
                Array [
                  Object {
                    "color": "#ffffff",
                    "fontFamily": "Roboto",
                    "fontSize": 14,
                    "textAlign": "center",
                  },
                ]
              }
              white={true}
            >
              
            </Text>
          </View>
        </View>
        <View
          style={
            Array [
              Object {
                "alignItems": "center",
                "flexBasis": 0,
                "flexDirection": "column",
                "flexGrow": 0.8,
                "flexShrink": 1,
                "justifyContent": "center",
              },
            ]
          }
        >
          <View
            marginBot={
              Object {
                "value": "1%",
              }
            }
            marginTop={
              Object {
                "value": "2%",
              }
            }
            style={
              Array [
                Object {
                  "marginBottom": "1%",
                  "marginTop": "2%",
                },
              ]
            }
          >
            <Text
              black={true}
              smallMedium={true}
              style={
                Array [
                  Object {
                    "color": "black",
                    "fontFamily": "Roboto",
                    "fontSize": 20,
                    "textAlign": "center",
                  },
                ]
              }
            >
              Inicio
            </Text>
          </View>
          <View
            medium={true}
            style={
              Array [
                Object {
                  "alignItems": "center",
                  "backgroundColor": "#E46270",
                  "borderRadius": 15,
                  "height": 40,
                  "justifyContent": "center",
                  "textAlign": "center",
                  "width": 196,
                },
              ]
            }
          >
            <Text
              small={true}
              style={
                Array [
                  Object {
                    "color": "#ffffff",
                    "fontFamily": "Roboto",
                    "fontSize": 14,
                    "textAlign": "center",
                  },
                ]
              }
              white={true}
            >
              16:00
            </Text>
          </View>
        </View>
      </View>
      <View
        style={
          Array [
            Object {
              "flexBasis": 0,
              "flexDirection": "row",
              "flexGrow": 1,
              "flexShrink": 1,
              "height": "10%",
              "justifyContent": "space-around",
              "marginBottom": "5%",
              "marginLeft": "5%",
              "marginRight": "5%",
              "marginTop": "5%",
              "width": "100%",
            },
          ]
        }
      >
        <View
          style={
            Array [
              Object {
                "alignItems": "center",
                "flexBasis": 0,
                "flexDirection": "column",
                "flexGrow": 0.8,
                "flexShrink": 1,
                "justifyContent": "center",
              },
            ]
          }
        >
          <View
            marginBot={
              Object {
                "value": "1%",
              }
            }
            marginTop={
              Object {
                "value": "2%",
              }
            }
            style={
              Array [
                Object {
                  "marginBottom": "1%",
                  "marginTop": "2%",
                },
              ]
            }
          >
            <Text
              black={true}
              smallMedium={true}
              style={
                Array [
                  Object {
                    "color": "black",
                    "fontFamily": "Roboto",
                    "fontSize": 20,
                    "textAlign": "center",
                  },
                ]
              }
            >
              Duração
            </Text>
          </View>
          <View
            medium={true}
            style={
              Array [
                Object {
                  "alignItems": "center",
                  "backgroundColor": "#E46270",
                  "borderRadius": 15,
                  "height": 40,
                  "justifyContent": "center",
                  "textAlign": "center",
                  "width": 196,
                },
              ]
            }
          >
            <Text
              small={true}
              style={
                Array [
                  Object {
                    "color": "#ffffff",
                    "fontFamily": "Roboto",
                    "fontSize": 14,
                    "textAlign": "center",
                  },
                ]
              }
              white={true}
            >
               Hora
            </Text>
          </View>
        </View>
        <View
          style={
            Array [
              Object {
                "alignItems": "center",
                "flexBasis": 0,
                "flexDirection": "column",
                "flexGrow": 0.8,
                "flexShrink": 1,
                "justifyContent": "center",
              },
            ]
          }
        >
          <View
            marginBot={
              Object {
                "value": "1%",
              }
            }
            marginTop={
              Object {
                "value": "2%",
              }
            }
            style={
              Array [
                Object {
                  "marginBottom": "1%",
                  "marginTop": "2%",
                },
              ]
            }
          >
            <Text
              black={true}
              smallMedium={true}
              style={
                Array [
                  Object {
                    "color": "black",
                    "fontFamily": "Roboto",
                    "fontSize": 20,
                    "textAlign": "center",
                  },
                ]
              }
            >
              Modalidade
            </Text>
          </View>
          <View
            medium={true}
            style={
              Array [
                Object {
                  "alignItems": "center",
                  "backgroundColor": "#E46270",
                  "borderRadius": 15,
                  "height": 40,
                  "justifyContent": "center",
                  "textAlign": "center",
                  "width": 196,
                },
              ]
            }
          >
            <Text
              small={true}
              style={
                Array [
                  Object {
                    "color": "#ffffff",
                    "fontFamily": "Roboto",
                    "fontSize": 14,
                    "textAlign": "center",
                  },
                ]
              }
              white={true}
            >
              Presencial
            </Text>
          </View>
        </View>
      </View>
      <View
        marginBot={
          Object {
            "value": "0%",
          }
        }
        marginTop={
          Object {
            "value": "2%",
          }
        }
        style={
          Array [
            Object {
              "marginBottom": "0%",
              "marginTop": "2%",
            },
          ]
        }
      >
        <Text
          black={true}
          smallMedium={true}
          style={
            Array [
              Object {
                "color": "black",
                "fontFamily": "Roboto",
                "fontSize": 20,
                "textAlign": "center",
              },
            ]
          }
        >
          Observação
        </Text>
      </View>
      <View
        style={
          Array [
            Object {
              "alignItems": "center",
              "backgroundColor": "#E46270",
              "borderRadius": 15,
              "height": 60,
              "justifyContent": "center",
              "textAlign": "center",
              "width": 280,
            },
          ]
        }
      >
        <Text
          small={true}
          style={
            Array [
              Object {
                "color": "#ffffff",
                "fontFamily": "Roboto",
                "fontSize": 14,
                "textAlign": "center",
              },
            ]
          }
          white={true}
        >
          Não informado
        </Text>
      </View>
      <View
        style={
          Array [
            Object {
              "alignItems": "center",
              "flexBasis": 0,
              "flexGrow": 5,
              "flexShrink": 1,
              "height": "5%",
              "justifyContent": "center",
              "marginBottom": "-5%",
              "paddingBottom": "3%",
              "paddingLeft": "3%",
              "paddingRight": "3%",
              "paddingTop": "3%",
              "width": "100%",
            },
          ]
        }
      >
        <View
          marginBot={
            Object {
              "value": "1%",
            }
          }
          marginTop={
            Object {
              "value": "-3%",
            }
          }
          style={
            Array [
              Object {
                "marginBottom": "1%",
                "marginTop": "-3%",
              },
            ]
          }
        >
          <Text
            black={true}
            smallMedium={true}
            style={
              Array [
                Object {
                  "color": "black",
                  "fontFamily": "Roboto",
                  "fontSize": 20,
                  "textAlign": "center",
                },
              ]
            }
          >
            Endereço
          </Text>
        </View>
        <View
          style={
            Array [
              Object {
                "alignItems": "center",
                "backgroundColor": "#E46270",
                "borderRadius": 15,
                "height": 60,
                "justifyContent": "center",
                "textAlign": "center",
                "width": 280,
              },
            ]
          }
        >
          <Text
            small={true}
            style={
              Array [
                Object {
                  "color": "#ffffff",
                  "fontFamily": "Roboto",
                  "fontSize": 14,
                  "textAlign": "center",
                },
              ]
            }
            white={true}
          >
             n°: , 
 - 
          </Text>
        </View>
        <View
          style={
            Array [
              Object {
                "flexBasis": 0,
                "flexDirection": "row",
                "flexGrow": 1,
                "flexShrink": 1,
                "justifyContent": "center",
                "marginBottom": "1.5%",
                "marginTop": "1.5%",
              },
            ]
          }
        >
          <View
            accessible={true}
            focusable={true}
            onClick={[Function]}
            onResponderGrant={[Function]}
            onResponderMove={[Function]}
            onResponderRelease={[Function]}
            onResponderTerminate={[Function]}
            onResponderTerminationRequest={[Function]}
            onStartShouldSetResponder={[Function]}
            style={
              Object {
                "alignItems": "center",
                "backgroundColor": "#297FB8",
                "borderRadius": 5,
                "height": 37,
                "justifyContent": "center",
                "marginBottom": "1%",
                "marginLeft": "1%",
                "marginRight": "1%",
                "marginTop": "1%",
                "opacity": 1,
                "width": 93,
              }
            }
          >
            <Text
              bigSmall={true}
              style={
                Array [
                  Object {
                    "color": "#ffffff",
                    "fontFamily": "Roboto",
                    "fontSize": 16,
                    "textAlign": "center",
                  },
                ]
              }
              white={true}
            >
              Chat
            </Text>
          </View>
          <View
            accessible={true}
            focusable={true}
            onClick={[Function]}
            onResponderGrant={[Function]}
            onResponderMove={[Function]}
            onResponderRelease={[Function]}
            onResponderTerminate={[Function]}
            onResponderTerminationRequest={[Function]}
            onStartShouldSetResponder={[Function]}
            style={
              Object {
                "alignItems": "center",
                "backgroundColor": "#7ED957",
                "borderRadius": 5,
                "height": 37,
                "justifyContent": "center",
                "marginBottom": "1%",
                "marginLeft": "1%",
                "marginRight": "1%",
                "marginTop": "1%",
                "opacity": 1,
                "width": 118,
              }
            }
            testID="StartButton"
          >
            <Text
              bigSmall={true}
              style={
                Array [
                  Object {
                    "color": "#ffffff",
                    "fontFamily": "Roboto",
                    "fontSize": 16,
                    "textAlign": "center",
                  },
                ]
              }
              white={true}
            >
              Iniciar
            </Text>
          </View>
          <View
            accessible={true}
            focusable={true}
            onClick={[Function]}
            onResponderGrant={[Function]}
            onResponderMove={[Function]}
            onResponderRelease={[Function]}
            onResponderTerminate={[Function]}
            onResponderTerminationRequest={[Function]}
            onStartShouldSetResponder={[Function]}
            style={
              Object {
                "alignItems": "center",
                "backgroundColor": "#297FB8",
                "borderRadius": 5,
                "height": 37,
                "justifyContent": "center",
                "marginBottom": "1%",
                "marginLeft": "1%",
                "marginRight": "1%",
                "marginTop": "1%",
                "opacity": 1,
                "width": 93,
              }
            }
          >
            <Text
              bigSmall={true}
              style={
                Array [
                  Object {
                    "color": "#ffffff",
                    "fontFamily": "Roboto",
                    "fontSize": 16,
                    "textAlign": "center",
                  },
                ]
              }
              white={true}
            >
              Rota
            </Text>
          </View>
        </View>
      </View>
    </View>
  </View>
</View>
`;
