// Jest Snapshot v1, https://goo.gl/fbAQLP

exports[`Testing TeacherRegister page Should renders page 1`] = `
<View
  style={
    Array [
      Object {
        "alignItems": "center",
        "backgroundColor": "#184E79",
        "flexBasis": 0,
        "flexGrow": 1,
        "flexShrink": 1,
        "width": "100%",
      },
    ]
  }
>
  <Image
    source={
      Object {
        "testUri": "../../../src/assets/logo.png",
      }
    }
    style={
      Array [
        Object {
          "height": "17.8%",
          "marginTop": "1.25%",
          "width": "31.6%",
        },
      ]
    }
  />
  <View
    style={
      Array [
        Object {
          "alignItems": "center",
          "backgroundColor": "#ffffff",
          "borderRadius": 20,
          "height": "72%",
          "marginTop": "1.5%",
          "width": "88.88%",
        },
      ]
    }
  >
    <View
      style={
        Array [
          Object {
            "alignItems": "center",
            "backgroundColor": "#184E79",
            "borderRadius": 100,
            "height": "12%",
            "justifyContent": "center",
            "marginBottom": "10%",
            "marginTop": "5.7%",
            "width": "18.2%",
          },
        ]
      }
    >
      <Image
        source={
          Object {
            "testUri": "../../../src/assets/user_white.png",
          }
        }
        style={
          Array [
            Object {
              "height": "55%",
              "width": "45%",
            },
          ]
        }
      />
    </View>
    <View
      style={
        Array [
          Object {
            "flexBasis": 0,
            "flexGrow": 1,
            "flexShrink": 1,
            "width": "100%",
          },
        ]
      }
    >
      <RCTScrollView
        contentContainerStyle={
          Object {
            "alignItems": "center",
          }
        }
        style={
          Array [
            Object {
              "borderColor": "#184E79",
              "borderStyle": "solid",
              "borderTopLeftRadius": 20,
              "borderTopRightRadius": 20,
              "borderWidth": 4,
              "height": "64.28%",
              "width": "100%",
            },
          ]
        }
      >
        <View>
          <TextInput
            allowFontScaling={true}
            multiline={true}
            onChangeText={[Function]}
            placeholder="Nome"
            placeholderTextColor="#F6F6F6"
            rejectResponderTermination={true}
            style={
              Array [
                Object {
                  "alignItems": "center",
                  "backgroundColor": "#184E79",
                  "borderRadius": 10,
                  "color": "#ffffff",
                  "height": 45,
                  "justifyContent": "center",
                  "marginTop": "5%",
                  "width": 280,
                },
              ]
            }
            textAlign="center"
            underlineColorAndroid="transparent"
          />
          <TextInput
            allowFontScaling={true}
            multiline={true}
            onChangeText={[Function]}
            placeholder="Sobrenome"
            placeholderTextColor="#F6F6F6"
            rejectResponderTermination={true}
            style={
              Array [
                Object {
                  "alignItems": "center",
                  "backgroundColor": "#184E79",
                  "borderRadius": 10,
                  "color": "#ffffff",
                  "height": 45,
                  "justifyContent": "center",
                  "marginTop": "5%",
                  "width": 280,
                },
              ]
            }
            textAlign="center"
            underlineColorAndroid="transparent"
          />
          <TextInput
            allowFontScaling={true}
            autoCapitalize="none"
            multiline={true}
            onChangeText={[Function]}
            placeholder="Email"
            placeholderTextColor="#F6F6F6"
            rejectResponderTermination={true}
            style={
              Array [
                Object {
                  "alignItems": "center",
                  "backgroundColor": "#184E79",
                  "borderRadius": 10,
                  "color": "#ffffff",
                  "height": 45,
                  "justifyContent": "center",
                  "marginTop": "5%",
                  "width": 280,
                },
              ]
            }
            textAlign="center"
            underlineColorAndroid="transparent"
          />
          <View
            style={
              Array [
                Object {
                  "alignItems": "center",
                  "backgroundColor": "#184E79",
                  "borderRadius": 10,
                  "flexDirection": "row",
                  "height": 45,
                  "justifyContent": "center",
                  "marginTop": "5%",
                  "width": 280,
                },
              ]
            }
          >
            <TextInput
              allowFontScaling={true}
              autoCapitalize="none"
              onChangeText={[Function]}
              placeholder="Senha"
              placeholderTextColor="#F6F6F6"
              rejectResponderTermination={true}
              secureTextEntry={true}
              style={
                Object {
                  "color": "#FFFFFF",
                  "flex": 1,
                  "fontSize": 14,
                  "textAlign": "center",
                }
              }
              underlineColorAndroid="transparent"
              value=""
            />
          </View>
          <TextInput
            allowFontScaling={true}
            autoCapitalize="none"
            multiline={true}
            onChangeText={[Function]}
            placeholder="Número de celular"
            placeholderTextColor="#F6F6F6"
            rejectResponderTermination={true}
            style={
              Array [
                Object {
                  "alignItems": "center",
                  "backgroundColor": "#184E79",
                  "borderRadius": 10,
                  "color": "#ffffff",
                  "height": 45,
                  "justifyContent": "center",
                  "marginTop": "5%",
                  "width": 280,
                },
              ]
            }
            textAlign="center"
            underlineColorAndroid="transparent"
          />
          <View
            style={
              Array [
                Object {
                  "alignItems": "center",
                  "backgroundColor": "#184E79",
                  "borderRadius": 10,
                  "flexDirection": "row",
                  "height": 45,
                  "justifyContent": "center",
                  "marginTop": "5%",
                  "width": 280,
                },
              ]
            }
          >
            <TextInput
              allowFontScaling={true}
              keyboardType="numeric"
              onChangeText={[Function]}
              options={
                Object {
                  "format": "YYYY-MM-DD",
                }
              }
              placeholder="Data de nascimento"
              placeholderTextColor="#F6F6F6"
              rejectResponderTermination={true}
              style={
                Object {
                  "color": "#FFFFFF",
                  "flex": 1,
                  "fontSize": 14,
                  "textAlign": "center",
                }
              }
              type="datetime"
              underlineColorAndroid="transparent"
              value=""
            />
          </View>
          <View
            style={
              Array [
                Object {
                  "flexDirection": "row",
                  "justifyContent": "space-between",
                  "marginTop": "5%",
                  "width": "81%",
                },
              ]
            }
          >
            <View
              grade={true}
              style={
                Array [
                  Object {
                    "alignItems": "center",
                    "borderRadius": 10,
                    "width": 71,
                  },
                ]
              }
            >
              <View
                style={
                  Array [
                    Object {
                      "alignItems": "center",
                      "backgroundColor": "#184E79",
                      "borderRadius": 10,
                      "height": 45,
                      "width": "100%",
                    },
                  ]
                }
              >
                <View
                  style={
                    Array [
                      Object {
                        "alignSelf": "stretch",
                      },
                      undefined,
                    ]
                  }
                >
                  <View
                    accessible={true}
                    focusable={true}
                    onClick={[Function]}
                    onResponderGrant={[Function]}
                    onResponderMove={[Function]}
                    onResponderRelease={[Function]}
                    onResponderTerminate={[Function]}
                    onResponderTerminationRequest={[Function]}
                    onStartShouldSetResponder={[Function]}
                    style={
                      Object {
                        "opacity": 1,
                      }
                    }
                    testID="ios_touchable_wrapper"
                  >
                    <View
                      pointerEvents="box-only"
                    >
                      <TextInput
                        allowFontScaling={true}
                        editable={false}
                        rejectResponderTermination={true}
                        style={
                          Array [
                            undefined,
                            Object {
                              "color": "#ffffff",
                              "fontSize": 12,
                            },
                          ]
                        }
                        testID="text_input"
                        underlineColorAndroid="transparent"
                        value="Serie"
                      />
                    </View>
                  </View>
                  <Modal
                    hardwareAccelerated={false}
                    onOrientationChange={[Function]}
                    supportedOrientations={
                      Array [
                        "portrait",
                        "landscape",
                      ]
                    }
                    testID="ios_modal"
                    transparent={true}
                    visible={false}
                  >
                    <View
                      accessible={true}
                      focusable={true}
                      onClick={[Function]}
                      onResponderGrant={[Function]}
                      onResponderMove={[Function]}
                      onResponderRelease={[Function]}
                      onResponderTerminate={[Function]}
                      onResponderTerminationRequest={[Function]}
                      onStartShouldSetResponder={[Function]}
                      style={
                        Object {
                          "flex": 1,
                          "opacity": 1,
                        }
                      }
                      testID="ios_modal_top"
                    />
                    <View
                      style={
                        Array [
                          Object {
                            "alignItems": "center",
                            "backgroundColor": "#f8f8f8",
                            "borderTopColor": "#dedede",
                            "borderTopWidth": 1,
                            "flexDirection": "row",
                            "height": 45,
                            "justifyContent": "space-between",
                            "paddingHorizontal": 10,
                            "zIndex": 2,
                          },
                          undefined,
                        ]
                      }
                      testID="input_accessory_view"
                    >
                      <View
                        style={
                          Array [
                            Object {
                              "flexDirection": "row",
                            },
                            undefined,
                          ]
                        }
                      >
                        <View
                          accessible={true}
                          focusable={true}
                          onClick={[Function]}
                          onResponderGrant={[Function]}
                          onResponderMove={[Function]}
                          onResponderRelease={[Function]}
                          onResponderTerminate={[Function]}
                          onResponderTerminationRequest={[Function]}
                          onStartShouldSetResponder={[Function]}
                          style={
                            Object {
                              "opacity": 1,
                            }
                          }
                        >
                          <View
                            style={
                              Array [
                                Object {
                                  "backgroundColor": "transparent",
                                  "borderColor": "#a1a1a1",
                                  "borderRightWidth": 1.5,
                                  "borderTopWidth": 1.5,
                                  "height": 15,
                                  "width": 15,
                                },
                                undefined,
                                Object {
                                  "marginLeft": 11,
                                  "transform": Array [
                                    Object {
                                      "translateY": 4,
                                    },
                                    Object {
                                      "rotate": "-45deg",
                                    },
                                  ],
                                },
                                undefined,
                                Object {},
                              ]
                            }
                          />
                        </View>
                        <View
                          accessible={true}
                          focusable={true}
                          onClick={[Function]}
                          onResponderGrant={[Function]}
                          onResponderMove={[Function]}
                          onResponderRelease={[Function]}
                          onResponderTerminate={[Function]}
                          onResponderTerminationRequest={[Function]}
                          onStartShouldSetResponder={[Function]}
                          style={
                            Object {
                              "opacity": 1,
                            }
                          }
                        >
                          <View
                            style={
                              Array [
                                Object {
                                  "backgroundColor": "transparent",
                                  "borderColor": "#a1a1a1",
                                  "borderRightWidth": 1.5,
                                  "borderTopWidth": 1.5,
                                  "height": 15,
                                  "width": 15,
                                },
                                undefined,
                                Object {
                                  "marginLeft": 22,
                                  "transform": Array [
                                    Object {
                                      "translateY": -5,
                                    },
                                    Object {
                                      "rotate": "135deg",
                                    },
                                  ],
                                },
                                undefined,
                                Object {},
                              ]
                            }
                          />
                        </View>
                      </View>
                      <View
                        accessible={true}
                        focusable={true}
                        hitSlop={
                          Object {
                            "bottom": 4,
                            "left": 4,
                            "right": 4,
                            "top": 4,
                          }
                        }
                        onClick={[Function]}
                        onResponderGrant={[Function]}
                        onResponderMove={[Function]}
                        onResponderRelease={[Function]}
                        onResponderTerminate={[Function]}
                        onResponderTerminationRequest={[Function]}
                        onStartShouldSetResponder={[Function]}
                        style={
                          Object {
                            "opacity": 1,
                          }
                        }
                        testID="done_button"
                      >
                        <View
                          testID="needed_for_touchable"
                        >
                          <Text
                            allowFontScaling={false}
                            style={
                              Array [
                                Object {
                                  "color": "#007aff",
                                  "fontSize": 17,
                                  "fontWeight": "600",
                                  "paddingRight": 11,
                                  "paddingTop": 1,
                                },
                                undefined,
                                Object {},
                              ]
                            }
                            testID="done_text"
                          >
                            Done
                          </Text>
                        </View>
                      </View>
                    </View>
                    <View
                      style={
                        Array [
                          Object {
                            "backgroundColor": "#d0d4da",
                            "justifyContent": "center",
                          },
                          Object {
                            "height": 215,
                          },
                          undefined,
                        ]
                      }
                    >
                      <View>
                        <RNCPicker
                          items={
                            Array [
                              Object {
                                "label": "Serie",
                                "textColor": 4278190080,
                                "value": null,
                              },
                              Object {
                                "label": "Educação Infantil",
                                "textColor": 4278190080,
                                "value": "0",
                              },
                              Object {
                                "label": "1º Ano do Ensino Fundamental",
                                "textColor": 4278190080,
                                "value": "1",
                              },
                              Object {
                                "label": "2º Ano do Ensino Fundamental",
                                "textColor": 4278190080,
                                "value": "2",
                              },
                              Object {
                                "label": "3º Ano do Ensino Fundamental",
                                "textColor": 4278190080,
                                "value": "3",
                              },
                              Object {
                                "label": "4º Ano do Ensino Fundamental",
                                "textColor": 4278190080,
                                "value": "4",
                              },
                              Object {
                                "label": "5º Ano do Ensino Fundamental",
                                "textColor": 4278190080,
                                "value": "5",
                              },
                              Object {
                                "label": "6º Ano do Ensino Fundamental",
                                "textColor": 4278190080,
                                "value": "6",
                              },
                              Object {
                                "label": "7º Ano do Ensino Fundamental",
                                "textColor": 4278190080,
                                "value": "7",
                              },
                              Object {
                                "label": "8º Ano do Ensino Fundamental",
                                "textColor": 4278190080,
                                "value": "8",
                              },
                              Object {
                                "label": "9º Ano do Ensino Fundamental",
                                "textColor": 4278190080,
                                "value": "9",
                              },
                              Object {
                                "label": "Ensino Fundamental Completo",
                                "textColor": 4278190080,
                                "value": "10",
                              },
                              Object {
                                "label": "1º Ano do Ensino Médio",
                                "textColor": 4278190080,
                                "value": "11",
                              },
                              Object {
                                "label": "2º Ano do Ensino Médio",
                                "textColor": 4278190080,
                                "value": "12",
                              },
                              Object {
                                "label": "3º Ano do Ensino Médio",
                                "textColor": 4278190080,
                                "value": "13",
                              },
                              Object {
                                "label": "Ensino Médio Completo",
                                "textColor": 4278190080,
                                "value": "14",
                              },
                              Object {
                                "label": "Ensino Superior Incomplento",
                                "textColor": 4278190080,
                                "value": "15",
                              },
                              Object {
                                "label": "Bacharelado/Licensiatura Completo",
                                "textColor": 4278190080,
                                "value": "16",
                              },
                              Object {
                                "label": "Pós-graduação Incompleta",
                                "textColor": 4278190080,
                                "value": "17",
                              },
                              Object {
                                "label": "Pós-graduação completa",
                                "textColor": 4278190080,
                                "value": "18",
                              },
                              Object {
                                "label": "Mestrado Incompleto",
                                "textColor": 4278190080,
                                "value": "19",
                              },
                              Object {
                                "label": "Mestrado",
                                "textColor": 4278190080,
                                "value": "20",
                              },
                            ]
                          }
                          onChange={[Function]}
                          selectedIndex={0}
                          style={
                            Array [
                              Object {
                                "height": 216,
                              },
                              undefined,
                            ]
                          }
                          testID="ios_picker"
                        />
                      </View>
                    </View>
                  </Modal>
                </View>
              </View>
            </View>
            <TextInput
              allowFontScaling={true}
              autoCapitalize="none"
              medium={true}
              multiline={true}
              onChangeText={[Function]}
              placeholder="Instituição"
              placeholderTextColor="#F6F6F6"
              rejectResponderTermination={true}
              style={
                Array [
                  Object {
                    "alignItems": "center",
                    "backgroundColor": "#184E79",
                    "borderRadius": 10,
                    "color": "#ffffff",
                    "height": 45,
                    "justifyContent": "center",
                    "marginTop": 0,
                    "width": 196,
                  },
                ]
              }
              textAlign="center"
              underlineColorAndroid="transparent"
            />
          </View>
          <TextInput
            allowFontScaling={true}
            multiline={true}
            onChangeText={[Function]}
            placeholder="CPF"
            placeholderTextColor="#F6F6F6"
            rejectResponderTermination={true}
            style={
              Array [
                Object {
                  "alignItems": "center",
                  "backgroundColor": "#184E79",
                  "borderRadius": 10,
                  "color": "#ffffff",
                  "height": 45,
                  "justifyContent": "center",
                  "marginTop": "5%",
                  "width": 280,
                },
              ]
            }
            textAlign="center"
            underlineColorAndroid="transparent"
          />
          <View
            style={
              Array [
                Object {
                  "flexDirection": "row",
                  "justifyContent": "space-between",
                  "marginTop": "5%",
                  "width": "81%",
                },
              ]
            }
          >
            <TextInput
              allowFontScaling={true}
              medium={true}
              multiline={true}
              onChangeText={[Function]}
              placeholder="CEP"
              placeholderTextColor="#F6F6F6"
              rejectResponderTermination={true}
              style={
                Array [
                  Object {
                    "alignItems": "center",
                    "backgroundColor": "#184E79",
                    "borderRadius": 10,
                    "color": "#ffffff",
                    "height": 45,
                    "justifyContent": "center",
                    "marginTop": 0,
                    "width": 196,
                  },
                ]
              }
              textAlign="center"
              underlineColorAndroid="transparent"
            />
            <TextInput
              allowFontScaling={true}
              multiline={true}
              onChangeText={[Function]}
              placeholder="Nº"
              placeholderTextColor="#F6F6F6"
              rejectResponderTermination={true}
              small={true}
              style={
                Array [
                  Object {
                    "alignItems": "center",
                    "backgroundColor": "#184E79",
                    "borderRadius": 10,
                    "color": "#ffffff",
                    "height": 45,
                    "justifyContent": "center",
                    "marginTop": 0,
                    "width": 71,
                  },
                ]
              }
              textAlign="center"
              underlineColorAndroid="transparent"
            />
          </View>
          <TextInput
            allowFontScaling={true}
            multiline={true}
            onChangeText={[Function]}
            placeholder="Complemento"
            placeholderTextColor="#F6F6F6"
            rejectResponderTermination={true}
            style={
              Array [
                Object {
                  "alignItems": "center",
                  "backgroundColor": "#184E79",
                  "borderRadius": 10,
                  "color": "#ffffff",
                  "height": 45,
                  "justifyContent": "center",
                  "marginTop": "5%",
                  "width": 280,
                },
              ]
            }
            textAlign="center"
            underlineColorAndroid="transparent"
          />
          <TextInput
            allowFontScaling={true}
            autoCapitalize="none"
            multiline={true}
            onChangeText={[Function]}
            placeholder="Descrição"
            placeholderTextColor="#F6F6F6"
            rejectResponderTermination={true}
            style={
              Array [
                Object {
                  "alignItems": "center",
                  "backgroundColor": "#184E79",
                  "borderRadius": 10,
                  "color": "#ffffff",
                  "height": 45,
                  "justifyContent": "center",
                  "marginTop": "5%",
                  "width": 280,
                },
              ]
            }
            textAlign="center"
            underlineColorAndroid="transparent"
          />
          <View
            style={
              Array [
                Object {
                  "alignItems": "center",
                  "backgroundColor": "#184E79",
                  "borderRadius": 10,
                  "flexDirection": "row",
                  "height": 45,
                  "justifyContent": "center",
                  "marginTop": "5%",
                  "width": 280,
                },
              ]
            }
          >
            <View
              size={
                Object {
                  "left": "10%",
                  "right": "5%",
                }
              }
              style={
                Array [
                  Object {
                    "alignItems": "center",
                    "flexBasis": 0,
                    "flexGrow": 1,
                    "flexShrink": 1,
                    "justifyContent": "center",
                    "paddingLeft": "10%",
                    "paddingRight": "5%",
                  },
                ]
              }
            >
              <Text
                smaller={true}
                style={
                  Array [
                    Object {
                      "color": "#ffffff",
                      "fontFamily": "Roboto",
                      "fontSize": 12,
                      "textAlign": "center",
                    },
                  ]
                }
                white={true}
              >
                Necessidades especiais?
              </Text>
            </View>
            <View
              size={
                Object {
                  "left": "0%",
                  "right": "10%",
                }
              }
              style={
                Array [
                  Object {
                    "alignItems": "center",
                    "flexBasis": 0,
                    "flexGrow": 1,
                    "flexShrink": 1,
                    "justifyContent": "center",
                    "paddingLeft": "0%",
                    "paddingRight": "10%",
                  },
                ]
              }
            >
              <View
                style={
                  Array [
                    Object {
                      "flexDirection": "row",
                    },
                    Object {
                      "borderColor": "white",
                      "borderRadius": 5,
                      "borderWidth": 1,
                    },
                  ]
                }
              >
                <View
                  onMoveShouldSetResponder={[Function]}
                  onMoveShouldSetResponderCapture={[Function]}
                  onResponderEnd={[Function]}
                  onResponderGrant={[Function]}
                  onResponderMove={[Function]}
                  onResponderReject={[Function]}
                  onResponderRelease={[Function]}
                  onResponderStart={[Function]}
                  onResponderTerminate={[Function]}
                  onResponderTerminationRequest={[Function]}
                  onStartShouldSetResponder={[Function]}
                  onStartShouldSetResponderCapture={[Function]}
                  style={
                    Object {
                      "flex": 1,
                    }
                  }
                >
                  <View
                    onLayout={[Function]}
                    style={
                      Object {
                        "backgroundColor": "#184E79",
                        "borderRadius": 5,
                        "height": 22,
                      }
                    }
                  >
                    <View
                      style={
                        Object {
                          "alignItems": "center",
                          "borderColor": "#ffffff",
                          "borderRadius": 5,
                          "borderWidth": 0,
                          "flex": 1,
                          "flexDirection": "row",
                        }
                      }
                    >
                      <View
                        accessible={true}
                        focusable={true}
                        onClick={[Function]}
                        onResponderGrant={[Function]}
                        onResponderMove={[Function]}
                        onResponderRelease={[Function]}
                        onResponderTerminate={[Function]}
                        onResponderTerminationRequest={[Function]}
                        onStartShouldSetResponder={[Function]}
                        style={
                          Object {
                            "alignItems": "center",
                            "flex": 1,
                            "flexDirection": "row",
                            "justifyContent": "center",
                            "opacity": 1,
                          }
                        }
                      >
                        <Text
                          style={
                            Array [
                              Object {
                                "backgroundColor": "transparent",
                                "color": "black",
                                "fontSize": 12,
                                "fontWeight": "normal",
                                "textAlign": "center",
                              },
                              Object {},
                            ]
                          }
                        >
                          Não
                        </Text>
                      </View>
                      <View
                        accessible={true}
                        focusable={true}
                        onClick={[Function]}
                        onResponderGrant={[Function]}
                        onResponderMove={[Function]}
                        onResponderRelease={[Function]}
                        onResponderTerminate={[Function]}
                        onResponderTerminationRequest={[Function]}
                        onStartShouldSetResponder={[Function]}
                        style={
                          Object {
                            "alignItems": "center",
                            "flex": 1,
                            "flexDirection": "row",
                            "justifyContent": "center",
                            "opacity": 1,
                          }
                        }
                      >
                        <Text
                          style={
                            Array [
                              Object {
                                "backgroundColor": "transparent",
                                "color": "#184E79",
                                "fontSize": 12,
                                "fontWeight": "normal",
                                "textAlign": "center",
                              },
                              Object {},
                            ]
                          }
                        >
                          Sim
                        </Text>
                      </View>
                    </View>
                  </View>
                </View>
              </View>
            </View>
          </View>
          <TextInput
            allowFontScaling={true}
            autoCapitalize="none"
            multiline={true}
            onChangeText={[Function]}
            placeholder="Link para Vídeo"
            placeholderTextColor="#F6F6F6"
            rejectResponderTermination={true}
            style={
              Array [
                Object {
                  "alignItems": "center",
                  "backgroundColor": "#184E79",
                  "borderRadius": 10,
                  "color": "#ffffff",
                  "height": 45,
                  "justifyContent": "center",
                  "marginTop": "5%",
                  "width": 280,
                },
              ]
            }
            textAlign="center"
            underlineColorAndroid="transparent"
          />
          <TextInput
            allowFontScaling={true}
            autoCapitalize="none"
            multiline={true}
            onChangeText={[Function]}
            placeholder="Área de graduação"
            placeholderTextColor="#F6F6F6"
            rejectResponderTermination={true}
            style={
              Array [
                Object {
                  "alignItems": "center",
                  "backgroundColor": "#184E79",
                  "borderRadius": 10,
                  "color": "#ffffff",
                  "height": 45,
                  "justifyContent": "center",
                  "marginTop": "5%",
                  "width": 280,
                },
              ]
            }
            textAlign="center"
            underlineColorAndroid="transparent"
          />
          <TextInput
            allowFontScaling={true}
            autoCapitalize="none"
            multiline={true}
            onChangeText={[Function]}
            placeholder="Diploma"
            placeholderTextColor="#F6F6F6"
            rejectResponderTermination={true}
            style={
              Array [
                Object {
                  "alignItems": "center",
                  "backgroundColor": "#184E79",
                  "borderRadius": 10,
                  "color": "#ffffff",
                  "height": 45,
                  "justifyContent": "center",
                  "marginTop": "5%",
                  "width": 280,
                },
              ]
            }
            textAlign="center"
            underlineColorAndroid="transparent"
          />
          <TextInput
            allowFontScaling={true}
            autoCapitalize="none"
            multiline={true}
            onChangeText={[Function]}
            placeholder="Banco"
            placeholderTextColor="#F6F6F6"
            rejectResponderTermination={true}
            style={
              Array [
                Object {
                  "alignItems": "center",
                  "backgroundColor": "#184E79",
                  "borderRadius": 10,
                  "color": "#ffffff",
                  "height": 45,
                  "justifyContent": "center",
                  "marginTop": "5%",
                  "width": 280,
                },
              ]
            }
            textAlign="center"
            underlineColorAndroid="transparent"
          />
          <TextInput
            allowFontScaling={true}
            autoCapitalize="none"
            multiline={true}
            onChangeText={[Function]}
            placeholder="Agência"
            placeholderTextColor="#F6F6F6"
            rejectResponderTermination={true}
            style={
              Array [
                Object {
                  "alignItems": "center",
                  "backgroundColor": "#184E79",
                  "borderRadius": 10,
                  "color": "#ffffff",
                  "height": 45,
                  "justifyContent": "center",
                  "marginTop": "5%",
                  "width": 280,
                },
              ]
            }
            textAlign="center"
            underlineColorAndroid="transparent"
          />
          <TextInput
            allowFontScaling={true}
            autoCapitalize="none"
            multiline={true}
            onChangeText={[Function]}
            placeholder="Conta"
            placeholderTextColor="#F6F6F6"
            rejectResponderTermination={true}
            style={
              Array [
                Object {
                  "alignItems": "center",
                  "backgroundColor": "#184E79",
                  "borderRadius": 10,
                  "color": "#ffffff",
                  "height": 45,
                  "justifyContent": "center",
                  "marginTop": "5%",
                  "width": 280,
                },
              ]
            }
            textAlign="center"
            underlineColorAndroid="transparent"
          />
        </View>
      </RCTScrollView>
      <View
        accessibilityRole="button"
        accessibilityState={Object {}}
        accessible={true}
        focusable={true}
        onClick={[Function]}
        onResponderGrant={[Function]}
        onResponderMove={[Function]}
        onResponderRelease={[Function]}
        onResponderTerminate={[Function]}
        onResponderTerminationRequest={[Function]}
        onStartShouldSetResponder={[Function]}
        style={
          Object {
            "opacity": 1,
          }
        }
        testID="submit"
      >
        <View
          style={
            Array [
              Object {},
            ]
          }
        >
          <Text
            style={
              Array [
                Object {
                  "color": "#007AFF",
                  "fontSize": 18,
                  "margin": 8,
                  "textAlign": "center",
                },
                Object {
                  "color": "#297FB8",
                },
              ]
            }
          >
            Próximo
          </Text>
        </View>
      </View>
    </View>
  </View>
</View>
`;
